
> bigquery-postgresql-app@0.1.0 build
> next build

⚠ No build cache found. Please configure build caching for faster rebuilds. Read more: https://nextjs.org/docs/messages/no-cache
Attention: Next.js now collects completely anonymous telemetry regarding usage.
This information is used to shape Next.js' roadmap and prioritize features.
You can learn more, including how to opt-out if you'd not like to participate in this anonymous program, by visiting the following URL:
https://nextjs.org/telemetry

  ▲ Next.js 14.2.33

   Creating an optimized production build ...
 ✓ Compiled successfully
   Linting and checking validity of types ...
   Collecting page data ...
DATABASE_USER_URL not set, skipping MongoDB connection
DATABASE_URL not set, defaulting to postgresql
DATABASE_USER_URL not set, skipping MongoDB connection
DATABASE_URL not set, defaulting to postgresql
DATABASE_USER_URL not set, skipping MongoDB connection
DATABASE_URL not set, defaulting to postgresql
   Generating static pages (0/28) ...
   Generating static pages (7/28) 
MongoDB connection skipped: DATABASE_USER_URL is not configured
   Generating static pages (14/28) 
MongoDB connection skipped: DATABASE_USER_URL is not configured
Database error: Error: DATABASE_USER_URL is not configured
    at o (/home/runner/work/sheets_sync/sheets_sync/.next/server/app/api/database/create/route.js:11:614)
    at a (/home/runner/work/sheets_sync/sheets_sync/.next/server/app/api/database/create/route.js:11:974)
    at l (/home/runner/work/sheets_sync/sheets_sync/.next/server/app/api/datasets/route.js:1:2105)
    at async /home/runner/work/sheets_sync/sheets_sync/node_modules/next/dist/compiled/next-server/app-route.runtime.prod.js:6:38411
    at async e_.execute (/home/runner/work/sheets_sync/sheets_sync/node_modules/next/dist/compiled/next-server/app-route.runtime.prod.js:6:27880)
    at async e_.handle (/home/runner/work/sheets_sync/sheets_sync/node_modules/next/dist/compiled/next-server/app-route.runtime.prod.js:6:39943)
    at async exportAppRoute (/home/runner/work/sheets_sync/sheets_sync/node_modules/next/dist/export/routes/app-route.js:77:26)
    at async exportPageImpl (/home/runner/work/sheets_sync/sheets_sync/node_modules/next/dist/export/worker.js:175:20)
    at async Span.traceAsyncFn (/home/runner/work/sheets_sync/sheets_sync/node_modules/next/dist/trace/trace.js:154:20)
    at async Object.exportPage (/home/runner/work/sheets_sync/sheets_sync/node_modules/next/dist/export/worker.js:237:20)
Error fetching sync logs: AggregateError [ECONNREFUSED]: 
    at /home/runner/work/sheets_sync/sheets_sync/node_modules/pg-pool/index.js:45:11
    at process.processTicksAndRejections (node:internal/process/task_queues:95:5)
    at async l.queryPostgreSQL (/home/runner/work/sheets_sync/sheets_sync/.next/server/app/api/folder-tables/route.js:1:4995)
    at async a (/home/runner/work/sheets_sync/sheets_sync/.next/server/app/api/sync-logs/route.js:1:2067)
    at async /home/runner/work/sheets_sync/sheets_sync/node_modules/next/dist/compiled/next-server/app-route.runtime.prod.js:6:38411
    at async e_.execute (/home/runner/work/sheets_sync/sheets_sync/node_modules/next/dist/compiled/next-server/app-route.runtime.prod.js:6:27880)
    at async e_.handle (/home/runner/work/sheets_sync/sheets_sync/node_modules/next/dist/compiled/next-server/app-route.runtime.prod.js:6:39943)
    at async exportAppRoute (/home/runner/work/sheets_sync/sheets_sync/node_modules/next/dist/export/routes/app-route.js:77:26)
    at async exportPageImpl (/home/runner/work/sheets_sync/sheets_sync/node_modules/next/dist/export/worker.js:175:20)
    at async Span.traceAsyncFn (/home/runner/work/sheets_sync/sheets_sync/node_modules/next/dist/trace/trace.js:154:20) {
  code: 'ECONNREFUSED',
  [errors]: [
    Error: connect ECONNREFUSED ::1:5432
        at createConnectionError (node:net:1652:14)
        at afterConnectMultiple (node:net:1682:16)
        at TCPConnectWrap.callbackTrampoline (node:internal/async_hooks:130:17) {
      errno: -111,
      code: 'ECONNREFUSED',
      syscall: 'connect',
      address: '::1',
      port: 5432
    },
    Error: connect ECONNREFUSED 127.0.0.1:5432
        at createConnectionError (node:net:1652:14)
        at afterConnectMultiple (node:net:1682:16)
        at TCPConnectWrap.callbackTrampoline (node:internal/async_hooks:130:17) {
      errno: -111,
      code: 'ECONNREFUSED',
      syscall: 'connect',
      address: '127.0.0.1',
      port: 5432
    }
  ]
}
   Generating static pages (21/28) 
 ✓ Generating static pages (28/28)
   Finalizing page optimization ...
   Collecting build traces ...

Route (app)                              Size     First Load JS
┌ ○ /                                    1.3 kB         97.9 kB
├ ○ /_not-found                          873 B          88.1 kB
├ ƒ /api/auth/login                      0 B                0 B
├ ƒ /api/auth/logout                     0 B                0 B
├ ƒ /api/auth/session                    0 B                0 B
├ ○ /api/cron-token                      0 B                0 B
├ ƒ /api/database/create                 0 B                0 B
├ ƒ /api/datasets                        0 B                0 B
├ ƒ /api/folder-tables                   0 B                0 B
├ ƒ /api/folders                         0 B                0 B
├ ƒ /api/health                          0 B                0 B
├ ○ /api/logs                            0 B                0 B
├ ƒ /api/query                           0 B                0 B
├ ƒ /api/settings/database               0 B                0 B
├ ƒ /api/settings/database/migrate       0 B                0 B
├ ƒ /api/settings/database/test          0 B                0 B
├ ƒ /api/sheet-schema                    0 B                0 B
├ ƒ /api/sheets-info                     0 B                0 B
├ ƒ /api/sync-cron                       0 B                0 B
├ ƒ /api/sync-logs                       0 B                0 B
├ ƒ /api/sync-table                      0 B                0 B
├ ƒ /api/sync-table-incremental          0 B                0 B
├ ƒ /api/users                           0 B                0 B
├ ○ /database                            14.3 kB         111 kB
├ ○ /log                                 4.77 kB         101 kB
├ ○ /login                               1.32 kB        88.6 kB
├ ○ /settings                            5.37 kB         102 kB
└ ○ /users                               4.58 kB         101 kB
+ First Load JS shared by all            87.2 kB
  ├ chunks/117-bd0d8d71810bffef.js       31.7 kB
  ├ chunks/fd9d1056-a64ca1a0bc220bf4.js  53.6 kB
  └ other shared chunks (total)          1.89 kB


ƒ Middleware                             26.7 kB

○  (Static)   prerendered as static content
ƒ  (Dynamic)  server-rendered on demand

